src/hooks/use-resume-form.ts(18,5): error TS2322: Type 'Resolver<{ personalInfo: { fullName: string; email: string; location: string; summary: string; phone?: number | undefined; linkedin?: string | undefined; website?: string | undefined; }; summary?: string | undefined; experience?: { ...; }[] | undefined; skills?: { ...; }[] | undefined; education?: { ...; }[] | undef...' is not assignable to type 'Resolver<{ personalInfo: { fullName: string; email: string; location: string; summary: string; phone?: number | undefined; linkedin?: string | undefined; website?: string | undefined; }; experience: { ...; }[]; skills: { ...; }[]; education: { ...; }[]; projects: { ...; }[]; summary?: string | undefined; }, any, { ....'.
  Types of parameters 'options' and 'options' are incompatible.
    Type 'ResolverOptions<{ personalInfo: { fullName: string; email: string; location: string; summary: string; phone?: number | undefined; linkedin?: string | undefined; website?: string | undefined; }; experience: { ...; }[]; skills: { ...; }[]; education: { ...; }[]; projects: { ...; }[]; summary?: string | undefined; }>' is not assignable to type 'ResolverOptions<{ personalInfo: { fullName: string; email: string; location: string; summary: string; phone?: number | undefined; linkedin?: string | undefined; website?: string | undefined; }; summary?: string | undefined; experience?: { ...; }[] | undefined; skills?: { ...; }[] | undefined; education?: { ...; }[] ...'.
      Type '{ id: string; company: string; role: string; startDate: string; description: string[]; endDate?: string | undefined; current?: boolean | undefined; rawInput?: string | undefined; isGenerating?: boolean | undefined; }[] | undefined' is not assignable to type '{ id: string; company: string; role: string; startDate: string; current: boolean; description: string[]; isGenerating: boolean; endDate?: string | undefined; rawInput?: string | undefined; }[]'.
        Type 'undefined' is not assignable to type '{ id: string; company: string; role: string; startDate: string; current: boolean; description: string[]; isGenerating: boolean; endDate?: string | undefined; rawInput?: string | undefined; }[]'.
